// Jest Snapshot v1, https://goo.gl/fbAQLP

exports[`Pruebas <AppRouter/> Debe mostrarse correctamente 1`] = `
<div>
  <nav
    className="navbar navbar-expand-sm navbar-dark bg-dark"
  >
    <div
      className="container-fluid"
    >
      <div
        className="navbar-brand"
      >
        <img
          alt=""
          height="50px"
          src="./logo.png"
          width="50px"
        />
      </div>
      <button
        aria-controls="navbarNav"
        aria-expanded="false"
        aria-label="Toggle navigation"
        className="navbar-toggler"
        data-bs-target="#navbarNav"
        data-bs-toggle="collapse"
        type="button"
      >
        <span
          className="navbar-toggler-icon"
        />
      </button>
      <div
        className="collapse navbar-collapse"
        id="navbarNav"
      >
        <ul
          className="navbar-nav"
        >
          <li
            className="nav-item"
          >
            <a
              aria-current="page"
              className="nav-link active"
              href="/"
              onClick={[Function]}
              style={Object {}}
            >
              Home
            </a>
          </li>
          <li
            className="nav-item"
          >
            <a
              aria-current={null}
              className="nav-link"
              href="/about"
              onClick={[Function]}
            >
              About
            </a>
          </li>
          <li
            className="nav-item"
          >
            <a
              aria-current={null}
              className="nav-link"
              href="/login"
              onClick={[Function]}
            >
              Login
            </a>
          </li>
        </ul>
      </div>
    </div>
  </nav>
  <div
    className="container mt-3"
  >
    <div>
      <h1>
        Home
      </h1>
      <hr />
      <pre>
        {
   "name": "mayito_test",
   "email": "mayito@mayito.com"
}
      </pre>
    </div>
  </div>
</div>
`;
